../Core/Src/main.c:56:6:HAL_CAN_RxFifo0MsgPendingCallback	16	static
../Core/Src/main.c:62:6:initCharging	8	static
../Core/Src/main.c:63:6:initNormal	8	static
../Core/Src/main.c:69:5:main	8	static
../Core/Src/main.c:104:6:segmentCS	16	static
../Core/Src/main.c:111:6:sendCAN	8	static
../Core/Src/main.c:118:6:sendCANVerbose	8	static
../Core/Src/main.c:125:6:processData	8	static
../Core/Src/main.c:138:6:readPeripheral	16	static
../Core/Src/main.c:147:6:SystemClock_Config	88	static
../Core/Src/main.c:182:13:MX_CAN_Init	48	static
../Core/Src/main.c:221:13:MX_SPI1_Init	8	static
../Core/Src/main.c:249:13:MX_GPIO_Init	48	static
../Core/Src/main.c:290:6:Error_Handler	8	static,ignoring_inline_asm
