../Core/Src/main.c:55:6:HAL_CAN_RxFifo0MsgPendingCallback	16	static
../Core/Src/main.c:61:6:initCharging	8	static
../Core/Src/main.c:62:6:initNormal	8	static
../Core/Src/main.c:68:5:main	8	static
../Core/Src/main.c:103:6:segmentCS	16	static
../Core/Src/main.c:110:6:sendCAN	8	static
../Core/Src/main.c:117:6:sendCANVerbose	8	static
../Core/Src/main.c:124:6:processData	8	static
../Core/Src/main.c:132:6:readPeripheral	16	static
../Core/Src/main.c:141:6:SystemClock_Config	88	static
../Core/Src/main.c:176:13:MX_CAN_Init	48	static
../Core/Src/main.c:215:13:MX_SPI1_Init	8	static
../Core/Src/main.c:243:13:MX_GPIO_Init	48	static
../Core/Src/main.c:284:6:Error_Handler	8	static,ignoring_inline_asm
